// Jest Snapshot v1, https://goo.gl/fbAQLP

exports[`RegisterHeader Snapshot renders RegisterHeader unchanged 1`] = `
<div>
  <div
    class="select-none"
  >
    <h1
      class="text-[300%]"
    >
      Let’s sign up!
    </h1>
    <h3>
      We are happy you’re
    </h3>
    <h3>
      joining us!
    </h3>
  </div>
</div>
`;
